// Jest Snapshot v1, https://goo.gl/fbAQLP

exports[`SearchSuggestion Snapshot Test 1`] = `
<WithStyles(ForwardRef(Alert))
  className="makeStyles-alert-1"
  severity="info"
>
  <WithStyles(ForwardRef(AlertTitle))>
    <WithStyles(ForwardRef(Typography))
      variant="subtitle1"
    >
      お気に入りの映画を探してみてください。
    </WithStyles(ForwardRef(Typography))>
  </WithStyles(ForwardRef(AlertTitle))>
  <WithStyles(ForwardRef(Typography))
    variant="body2"
  >
    あなたが好きな映画をもとに、おすすめの映画を紹介します。
  </WithStyles(ForwardRef(Typography))>
  <WithStyles(ForwardRef(Typography))
    variant="body2"
  >
    おすすめ映画が気に入りましたら、いいねボタンのご協力お願いします。
  </WithStyles(ForwardRef(Typography))>
</WithStyles(ForwardRef(Alert))>
`;
